// Jest Snapshot v1, https://goo.gl/fbAQLP

exports[`<Shop /> Should match the snapshot 1`] = `
<div
  className="sc-iqseJM"
>
  <div
    className="sc-pVTFL dMzYpF"
  />
</div>
`;
