// Jest Snapshot v1, https://goo.gl/fbAQLP

exports[`<Error /> Should match the snapshot 1`] = `
<div
  className="sc-bdvvtL fvTUjG"
>
  <div
    className="sc-gsDKAQ tTmTM"
  />
  <h2
    className="sc-dkPtRN dVpXNZ"
  >
    Oops, looks like something went wrong...
  </h2>
</div>
`;
